// Jest Snapshot v1, https://goo.gl/fbAQLP

exports[`11 part one works with test input 1`] = `
{
  "boundaries": {
    "x": 9,
    "y": 9,
  },
  "galaxies": [
    {
      "x": 3,
      "y": 0,
    },
    {
      "x": 7,
      "y": 1,
    },
    {
      "x": 0,
      "y": 2,
    },
    {
      "x": 6,
      "y": 4,
    },
    {
      "x": 1,
      "y": 5,
    },
    {
      "x": 9,
      "y": 6,
    },
    {
      "x": 7,
      "y": 8,
    },
    {
      "x": 0,
      "y": 9,
    },
    {
      "x": 4,
      "y": 9,
    },
  ],
}
`;
