// Jest Snapshot v1, https://goo.gl/fbAQLP

exports[`09 part 1 parses test input correctly 1`] = `
[
  [
    0,
    3,
    6,
    9,
    12,
    15,
  ],
  [
    1,
    3,
    6,
    10,
    15,
    21,
  ],
  [
    10,
    13,
    16,
    21,
    30,
    45,
  ],
]
`;
