// Jest Snapshot v1, https://goo.gl/fbAQLP

exports[`07 part 1 parses test input correctly 1`] = `
[
  {
    "bid": 765,
    "cards": [
      "3",
      "2",
      "T",
      "3",
      "K",
    ],
  },
  {
    "bid": 684,
    "cards": [
      "T",
      "5",
      "5",
      "J",
      "5",
    ],
  },
  {
    "bid": 28,
    "cards": [
      "K",
      "K",
      "6",
      "7",
      "7",
    ],
  },
  {
    "bid": 220,
    "cards": [
      "K",
      "T",
      "J",
      "J",
      "T",
    ],
  },
  {
    "bid": 483,
    "cards": [
      "Q",
      "Q",
      "Q",
      "J",
      "A",
    ],
  },
]
`;
